<html>
<body>
<pre>
<h1>µVision Build Log</h1>
<h2>Project:</h2>
F:\work\myproj\EEPROM_TEST\src\porting\MDK-ARM\TEST_S13EE_X64Y64_IP_V3.uvproj
Project File Date:  03/16/2018

<h2>Output:</h2>
compiling RA8875.c...
RA8875.c: Error: C9932E: LICENSE ERROR (R208: RENEW LICENSE ID CODE (LIC))
Build target 'TEST_S13EE_X64Y64_IP_V3'
assembling startup_stm32f4xx.s...
startup_stm32f4xx.s: ARM Assembler, 4.1 [Build 791] 
startup_stm32f4xx.s: Error: A9932E: LICENSE ERROR (R208: RENEW LICENSE ID CODE (LIC))
Target not created
Build target 'TEST_S13EE_X64Y64_IP_V3'
assembling startup_stm32f4xx.s...
compiling bsp_printf.c...
..\USER\bsp_printf.c(25): error:  #5: cannot open source input file "stm32f10x.h": No such file or directory
compiling datarom.c...
compiling eeprom.c...
..\USER\eeprom.c(1): error:  #5: cannot open source input file "stm32f10x.h": No such file or directory
compiling function.c...
..\USER\function.c(1): error:  #169: expected a declaration
..\USER\function.c(4): error:  #7: unrecognized token
..\USER\function.c(4): error:  #7: unrecognized token
..\USER\function.c(4): error:  #7: unrecognized token
..\USER\function.c(4): error:  #7: unrecognized token
..\USER\function.c(4): error:  #7: unrecognized token
..\USER\function.c(4): error:  #7: unrecognized token
..\USER\function.c(4): error:  #7: unrecognized token
..\USER\function.c(4): error:  #7: unrecognized token
..\USER\function.c(4): error:  #7: unrecognized token
..\USER\function.c(4): error:  #7: unrecognized token
..\USER\function.c(4): error:  #7: unrecognized token
..\USER\function.c(4): error:  #7: unrecognized token
..\USER\function.c(4): error:  #7: unrecognized token
..\USER\function.c(4): error:  #7: unrecognized token
..\USER\function.c(4): error:  #7: unrecognized token
..\USER\function.c(4): error:  #7: unrecognized token
..\USER\function.c(4): error:  #7: unrecognized token
..\USER\function.c(4): error:  #7: unrecognized token
..\USER\function.c(4): error:  #7: unrecognized token
..\USER\function.c(4): error:  #7: unrecognized token
..\USER\function.c(4): error:  #7: unrecognized token
..\USER\function.c(4): error:  #7: unrecognized token
..\USER\function.c(5): error:  #7: unrecognized token
..\USER\function.c(5): error:  #7: unrecognized token
..\USER\function.c(5): error:  #7: unrecognized token
..\USER\function.c(5): error:  #7: unrecognized token
..\USER\function.c(5): error:  #7: unrecognized token
..\USER\function.c(5): error:  #7: unrecognized token
..\USER\function.c(5): error:  #7: unrecognized token
compiling main.c...
..\USER\main.c(20): error:  #5: cannot open source input file "stm32f10x.h": No such file or directory
compiling RA8875.c...
..\USER\RA8875.c(2): error:  #5: cannot open source input file "stm32f10x.h": No such file or directory
compiling stm32f10x_it.c...
..\USER\stm32f10x_it.h(30): error:  #5: cannot open source input file "stm32f10x.h": No such file or directory
compiling system_stm32f10x.c...
..\USER\system_stm32f10x.c(33): error:  #5: cannot open source input file "stm32f10x.h": No such file or directory
compiling misc.c...
..\Libraries\STM32F4xx_StdPeriph_Driver\src\misc.c(76): error:  #5: cannot open source input file "misc.h": No such file or directory
compiling stm32f4xx_adc.c...
..\Libraries\STM32F4xx_StdPeriph_Driver\src\stm32f4xx_adc.c(106): error:  #5: cannot open source input file "stm32f4xx_adc.h": No such file or directory
compiling stm32f4xx_can.c...
..\Libraries\STM32F4xx_StdPeriph_Driver\src\stm32f4xx_can.c(84): error:  #5: cannot open source input file "stm32f4xx_can.h": No such file or directory
compiling stm32f4xx_cec.c...
..\Libraries\STM32F4xx_StdPeriph_Driver\src\stm32f4xx_cec.c(93): error:  #5: cannot open source input file "stm32f4xx_cec.h": No such file or directory
compiling stm32f4xx_crc.c...
..\Libraries\STM32F4xx_StdPeriph_Driver\src\stm32f4xx_crc.c(29): error:  #5: cannot open source input file "stm32f4xx_crc.h": No such file or directory
compiling stm32f4xx_cryp.c...
..\Libraries\STM32F4xx_StdPeriph_Driver\src\stm32f4xx_cryp.c(164): error:  #5: cannot open source input file "stm32f4xx_cryp.h": No such file or directory
Project build/rebuild aborted.
Target not created
Build target 'TEST_S13EE_X64Y64_IP_V3'
assembling startup_stm32f4xx.s...
compiling bsp_printf.c...
..\USER\bsp_printf.c(25): error:  #5: cannot open source input file "stm32f10x.h": No such file or directory
compiling datarom.c...
compiling eeprom.c...
..\USER\eeprom.c(1): error:  #5: cannot open source input file "stm32f10x.h": No such file or directory
compiling function.c...
..\USER\function.c(1): error:  #169: expected a declaration
..\USER\function.c(4): error:  #7: unrecognized token
..\USER\function.c(4): error:  #7: unrecognized token
..\USER\function.c(4): error:  #7: unrecognized token
..\USER\function.c(4): error:  #7: unrecognized token
..\USER\function.c(4): error:  #7: unrecognized token
..\USER\function.c(4): error:  #7: unrecognized token
..\USER\function.c(4): error:  #7: unrecognized token
..\USER\function.c(4): error:  #7: unrecognized token
..\USER\function.c(4): error:  #7: unrecognized token
..\USER\function.c(4): error:  #7: unrecognized token
..\USER\function.c(4): error:  #7: unrecognized token
..\USER\function.c(4): error:  #7: unrecognized token
..\USER\function.c(4): error:  #7: unrecognized token
..\USER\function.c(4): error:  #7: unrecognized token
..\USER\function.c(4): error:  #7: unrecognized token
..\USER\function.c(4): error:  #7: unrecognized token
..\USER\function.c(4): error:  #7: unrecognized token
..\USER\function.c(4): error:  #7: unrecognized token
..\USER\function.c(4): error:  #7: unrecognized token
..\USER\function.c(4): error:  #7: unrecognized token
..\USER\function.c(4): error:  #7: unrecognized token
..\USER\function.c(4): error:  #7: unrecognized token
..\USER\function.c(5): error:  #7: unrecognized token
..\USER\function.c(5): error:  #7: unrecognized token
..\USER\function.c(5): error:  #7: unrecognized token
..\USER\function.c(5): error:  #7: unrecognized token
..\USER\function.c(5): error:  #7: unrecognized token
..\USER\function.c(5): error:  #7: unrecognized token
..\USER\function.c(5): error:  #7: unrecognized token
compiling main.c...
..\USER\main.c(20): error:  #5: cannot open source input file "stm32f10x.h": No such file or directory
compiling RA8875.c...
..\USER\RA8875.c(2): error:  #5: cannot open source input file "stm32f10x.h": No such file or directory
compiling stm32f10x_it.c...
..\USER\stm32f10x_it.h(30): error:  #5: cannot open source input file "stm32f10x.h": No such file or directory
compiling system_stm32f10x.c...
..\USER\system_stm32f10x.c(33): error:  #5: cannot open source input file "stm32f10x.h": No such file or directory
compiling misc.c...
..\Libraries\STM32F4xx_StdPeriph_Driver\src\misc.c(76): error:  #5: cannot open source input file "misc.h": No such file or directory
compiling stm32f4xx_gpio.c...
..\Libraries\STM32F4xx_StdPeriph_Driver\src\stm32f4xx_gpio.c(84): error:  #5: cannot open source input file "stm32f4xx_gpio.h": No such file or directory
compiling stm32f4xx_rcc.c...
..\Libraries\STM32F4xx_StdPeriph_Driver\src\stm32f4xx_rcc.c(59): error:  #5: cannot open source input file "stm32f4xx_rcc.h": No such file or directory
compiling stm32f4xx_usart.c...
..\Libraries\STM32F4xx_StdPeriph_Driver\src\stm32f4xx_usart.c(92): error:  #5: cannot open source input file "stm32f4xx_usart.h": No such file or directory
compiling stm32f4xx_wwdg.c...
..\Libraries\STM32F4xx_StdPeriph_Driver\src\stm32f4xx_wwdg.c(84): error:  #5: cannot open source input file "stm32f4xx_wwdg.h": No such file or directory
compiling system_stm32f4xx.c...
..\Libraries\CMSIS\system_stm32f4xx.c(562): warning:  #550-D: variable "pllsource" was set but never used
..\Libraries\CMSIS\system_stm32f4xx.c(562): warning:  #550-D: variable "pllm" was set but never used
Target not created
Build target 'TEST_S13EE_X64Y64_IP_V3'
compiling temp.c...
compiling misc.c...
..\Libraries\STM32F4xx_StdPeriph_Driver\src\misc.c(76): error:  #5: cannot open source input file "misc.h": No such file or directory
compiling stm32f4xx_gpio.c...
..\Libraries\STM32F4xx_StdPeriph_Driver\src\stm32f4xx_gpio.c(84): error:  #5: cannot open source input file "stm32f4xx_gpio.h": No such file or directory
compiling stm32f4xx_rcc.c...
..\Libraries\STM32F4xx_StdPeriph_Driver\src\stm32f4xx_rcc.c(59): error:  #5: cannot open source input file "stm32f4xx_rcc.h": No such file or directory
compiling stm32f4xx_usart.c...
..\Libraries\STM32F4xx_StdPeriph_Driver\src\stm32f4xx_usart.c(92): error:  #5: cannot open source input file "stm32f4xx_usart.h": No such file or directory
compiling stm32f4xx_wwdg.c...
..\Libraries\STM32F4xx_StdPeriph_Driver\src\stm32f4xx_wwdg.c(84): error:  #5: cannot open source input file "stm32f4xx_wwdg.h": No such file or directory
Target not created
Build target 'TEST_S13EE_X64Y64_IP_V3'
compiling temp.c...
compiling misc.c...
..\Libraries\STM32F4xx_StdPeriph_Driver\src\misc.c(121): warning:  #223-D: function "assert_param" declared implicitly
..\Libraries\STM32F4xx_StdPeriph_Driver\src\misc.c(141): warning:  #223-D: function "assert_param" declared implicitly
..\Libraries\STM32F4xx_StdPeriph_Driver\src\misc.c(183): warning:  #223-D: function "assert_param" declared implicitly
..\Libraries\STM32F4xx_StdPeriph_Driver\src\misc.c(202): warning:  #223-D: function "assert_param" declared implicitly
..\Libraries\STM32F4xx_StdPeriph_Driver\src\misc.c(226): warning:  #223-D: function "assert_param" declared implicitly
compiling stm32f4xx_gpio.c...
..\Libraries\STM32F4xx_StdPeriph_Driver\src\stm32f4xx_gpio.c(130): warning:  #223-D: function "assert_param" declared implicitly
..\Libraries\STM32F4xx_StdPeriph_Driver\src\stm32f4xx_gpio.c(130): error:  #20: identifier "GPIOJ" is undefined
..\Libraries\STM32F4xx_StdPeriph_Driver\src\stm32f4xx_gpio.c(130): error:  #20: identifier "GPIOK" is undefined
..\Libraries\STM32F4xx_StdPeriph_Driver\src\stm32f4xx_gpio.c(207): warning:  #223-D: function "assert_param" declared implicitly
..\Libraries\STM32F4xx_StdPeriph_Driver\src\stm32f4xx_gpio.c(207): error:  #20: identifier "GPIOJ" is undefined
..\Libraries\STM32F4xx_StdPeriph_Driver\src\stm32f4xx_gpio.c(207): error:  #20: identifier "GPIOK" is undefined
..\Libraries\STM32F4xx_StdPeriph_Driver\src\stm32f4xx_gpio.c(282): warning:  #223-D: function "assert_param" declared implicitly
..\Libraries\STM32F4xx_StdPeriph_Driver\src\stm32f4xx_gpio.c(282): error:  #20: identifier "GPIOJ" is undefined
..\Libraries\STM32F4xx_StdPeriph_Driver\src\stm32f4xx_gpio.c(282): error:  #20: identifier "GPIOK" is undefined
..\Libraries\STM32F4xx_StdPeriph_Driver\src\stm32f4xx_gpio.c(328): warning:  #223-D: function "assert_param" declared implicitly
..\Libraries\STM32F4xx_StdPeriph_Driver\src\stm32f4xx_gpio.c(328): error:  #20: identifier "GPIOJ" is undefined
..\Libraries\STM32F4xx_StdPeriph_Driver\src\stm32f4xx_gpio.c(328): error:  #20: identifier "GPIOK" is undefined
..\Libraries\STM32F4xx_StdPeriph_Driver\src\stm32f4xx_gpio.c(352): warning:  #223-D: function "assert_param" declared implicitly
..\Libraries\STM32F4xx_StdPeriph_Driver\src\stm32f4xx_gpio.c(352): error:  #20: identifier "GPIOJ" is undefined
..\Libraries\STM32F4xx_StdPeriph_Driver\src\stm32f4xx_gpio.c(352): error:  #20: identifier "GPIOK" is undefined
..\Libraries\STM32F4xx_StdPeriph_Driver\src\stm32f4xx_gpio.c(371): warning:  #223-D: function "assert_param" declared implicitly
..\Libraries\STM32F4xx_StdPeriph_Driver\src\stm32f4xx_gpio.c(371): error:  #20: identifier "GPIOJ" is undefined
..\Libraries\STM32F4xx_StdPeriph_Driver\src\stm32f4xx_gpio.c(371): error:  #20: identifier "GPIOK" is undefined
..\Libraries\STM32F4xx_StdPeriph_Driver\src\stm32f4xx_gpio.c(395): warning:  #223-D: function "assert_param" declared implicitly
..\Libraries\STM32F4xx_StdPeriph_Driver\src\stm32f4xx_gpio.c(395): error:  #20: identifier "GPIOJ" is undefined
..\Libraries\STM32F4xx_StdPeriph_Driver\src\stm32f4xx_gpio.c(395): error:  #20: identifier "GPIOK" is undefined
..\Libraries\STM32F4xx_StdPeriph_Driver\src\stm32f4xx_gpio.c(415): warning:  #223-D: function "assert_param" declared implicitly
..\Libraries\STM32F4xx_StdPeriph_Driver\src\stm32f4xx_gpio.c(415): error:  #20: identifier "GPIOJ" is undefined
..\Libraries\STM32F4xx_StdPeriph_Driver\src\stm32f4xx_gpio.c(415): error:  #20: identifier "GPIOK" is undefined
..\Libraries\STM32F4xx_StdPeriph_Driver\src\stm32f4xx_gpio.c(436): warning:  #223-D: function "assert_param" declared implicitly
..\Libraries\STM32F4xx_StdPeriph_Driver\src\stm32f4xx_gpio.c(436): error:  #20: identifier "GPIOJ" is undefined
..\Libraries\STM32F4xx_StdPeriph_Driver\src\stm32f4xx_gpio.c(436): error:  #20: identifier "GPIOK" is undefined
..\Libraries\STM32F4xx_StdPeriph_Driver\src\stm32f4xx_gpio.c(458): warning:  #223-D: function "assert_param" declared implicitly
..\Libraries\STM32F4xx_StdPeriph_Driver\src\stm32f4xx_gpio.c(458): error:  #20: identifier "GPIOJ" is undefined
..\Libraries\STM32F4xx_StdPeriph_Driver\src\stm32f4xx_gpio.c(458): error:  #20: identifier "GPIOK" is undefined
..\Libraries\STM32F4xx_StdPeriph_Driver\src\stm32f4xx_gpio.c(483): warning:  #223-D: function "assert_param" declared implicitly
..\Libraries\STM32F4xx_StdPeriph_Driver\src\stm32f4xx_gpio.c(483): error:  #20: identifier "GPIOJ" is undefined
..\Libraries\STM32F4xx_StdPeriph_Driver\src\stm32f4xx_gpio.c(483): error:  #20: identifier "GPIOK" is undefined
..\Libraries\STM32F4xx_StdPeriph_Driver\src\stm32f4xx_gpio.c(499): warning:  #223-D: function "assert_param" declared implicitly
..\Libraries\STM32F4xx_StdPeriph_Driver\src\stm32f4xx_gpio.c(499): error:  #20: identifier "GPIOJ" is undefined
..\Libraries\STM32F4xx_StdPeriph_Driver\src\stm32f4xx_gpio.c(499): error:  #20: identifier "GPIOK" is undefined
..\Libraries\STM32F4xx_StdPeriph_Driver\src\stm32f4xx_gpio.c(585): warning:  #223-D: function "assert_param" declared implicitly
..\Libraries\STM32F4xx_StdPeriph_Driver\src\stm32f4xx_gpio.c(585): error:  #20: identifier "GPIOJ" is undefined
..\Libraries\STM32F4xx_StdPeriph_Driver\src\stm32f4xx_gpio.c(585): error:  #20: identifier "GPIOK" is undefined
..\Libraries\STM32F4xx_StdPeriph_Driver\src\stm32f4xx_gpio.c(587): warning:  #223-D: function "IS_GPIO_AF" declared implicitly
compiling stm32f4xx_rcc.c...
..\Libraries\STM32F4xx_StdPeriph_Driver\src\stm32f4xx_rcc.c(256): error:  #136: struct "<unnamed>" has no field "DCKCFGR"
..\Libraries\STM32F4xx_StdPeriph_Driver\src\stm32f4xx_rcc.c(287): warning:  #223-D: function "assert_param" declared implicitly
..\Libraries\STM32F4xx_StdPeriph_Driver\src\stm32f4xx_rcc.c(343): warning:  #223-D: function "assert_param" declared implicitly
..\Libraries\STM32F4xx_StdPeriph_Driver\src\stm32f4xx_rcc.c(378): warning:  #223-D: function "assert_param" declared implicitly
..\Libraries\STM32F4xx_StdPeriph_Driver\src\stm32f4xx_rcc.c(403): warning:  #223-D: function "assert_param" declared implicitly
..\Libraries\STM32F4xx_StdPeriph_Driver\src\stm32f4xx_rcc.c(443): warning:  #223-D: function "assert_param" declared implicitly
..\Libraries\STM32F4xx_StdPeriph_Driver\src\stm32f4xx_rcc.c(566): warning:  #223-D: function "assert_param" declared implicitly
..\Libraries\STM32F4xx_StdPeriph_Driver\src\stm32f4xx_rcc.c(735): warning:  #223-D: function "assert_param" declared implicitly
..\Libraries\STM32F4xx_StdPeriph_Driver\src\stm32f4xx_rcc.c(864): warning:  #223-D: function "assert_param" declared implicitly
..\Libraries\STM32F4xx_StdPeriph_Driver\src\stm32f4xx_rcc.c(882): warning:  #223-D: function "assert_param" declared implicitly
..\Libraries\STM32F4xx_StdPeriph_Driver\src\stm32f4xx_rcc.c(909): warning:  #223-D: function "assert_param" declared implicitly
..\Libraries\STM32F4xx_StdPeriph_Driver\src\stm32f4xx_rcc.c(954): warning:  #223-D: function "assert_param" declared implicitly
..\Libraries\STM32F4xx_StdPeriph_Driver\src\stm32f4xx_rcc.c(1154): warning:  #223-D: function "assert_param" declared implicitly
..\Libraries\STM32F4xx_StdPeriph_Driver\src\stm32f4xx_rcc.c(1154): warning:  #223-D: function "IS_RCC_SYSCLK_SOURCE" declared implicitly
..\Libraries\STM32F4xx_StdPeriph_Driver\src\stm32f4xx_rcc.c(1208): warning:  #223-D: function "assert_param" declared implicitly
..\Libraries\STM32F4xx_StdPeriph_Driver\src\stm32f4xx_rcc.c(1239): warning:  #223-D: function "assert_param" declared implicitly
..\Libraries\STM32F4xx_StdPeriph_Driver\src\stm32f4xx_rcc.c(1270): warning:  #223-D: function "assert_param" declared implicitly
..\Libraries\STM32F4xx_StdPeriph_Driver\src\stm32f4xx_rcc.c(1475): warning:  #223-D: function "assert_param" declared implicitly
..\Libraries\STM32F4xx_StdPeriph_Driver\src\stm32f4xx_rcc.c(1505): warning:  #223-D: function "assert_param" declared implicitly
..\Libraries\STM32F4xx_StdPeriph_Driver\src\stm32f4xx_rcc.c(1522): warning:  #223-D: function "assert_param" declared implicitly
..\Libraries\STM32F4xx_StdPeriph_Driver\src\stm32f4xx_rcc.c(1808): warning:  #223-D: function "assert_param" declared implicitly
..\Libraries\STM32F4xx_StdPeriph_Driver\src\stm32f4xx_rcc.c(1810): error:  #136: struct "<unnamed>" has no field "DCKCFGR"
..\Libraries\STM32F4xx_StdPeriph_Driver\src\stm32f4xx_rcc.c(1813): error:  #20: identifier "RCC_DCKCFGR_PLLI2SDIVQ" is undefined
..\Libraries\STM32F4xx_StdPeriph_Driver\src\stm32f4xx_rcc.c(1819): error:  #136: struct "<unnamed>" has no field "DCKCFGR"
..\Libraries\STM32F4xx_StdPeriph_Driver\src\stm32f4xx_rcc.c(1840): warning:  #223-D: function "assert_param" declared implicitly
..\Libraries\STM32F4xx_StdPeriph_Driver\src\stm32f4xx_rcc.c(1842): error:  #136: struct "<unnamed>" has no field "DCKCFGR"
..\Libraries\STM32F4xx_StdPeriph_Driver\src\stm32f4xx_rcc.c(1845): error:  #20: identifier "RCC_DCKCFGR_PLLSAIDIVQ" is undefined
..\Libraries\STM32F4xx_StdPeriph_Driver\src\stm32f4xx_rcc.c(1851): error:  #136: struct "<unnamed>" has no field "DCKCFGR"
..\Libraries\STM32F4xx_StdPeriph_Driver\src\stm32f4xx_rcc.c(1939): warning:  #223-D: function "assert_param" declared implicitly
..\Libraries\STM32F4xx_StdPeriph_Driver\src\stm32f4xx_rcc.c(1941): error:  #136: struct "<unnamed>" has no field "DCKCFGR"
..\Libraries\STM32F4xx_StdPeriph_Driver\src\stm32f4xx_rcc.c(1944): error:  #20: identifier "RCC_DCKCFGR_PLLSAIDIVR" is undefined
..\Libraries\STM32F4xx_StdPeriph_Driver\src\stm32f4xx_rcc.c(1950): error:  #136: struct "<unnamed>" has no field "DCKCFGR"
..\Libraries\STM32F4xx_StdPeriph_Driver\src\stm32f4xx_rcc.c(2065): warning:  #223-D: function "assert_param" declared implicitly
..\Libraries\STM32F4xx_StdPeriph_Driver\src\stm32f4xx_rcc.c(2107): warning:  #223-D: function "assert_param" declared implicitly
..\Libraries\STM32F4xx_StdPeriph_Driver\src\stm32f4xx_rcc.c(2139): warning:  #223-D: function "assert_param" declared implicitly
..\Libraries\STM32F4xx_StdPeriph_Driver\src\stm32f4xx_rcc.c(2226): warning:  #223-D: function "assert_param" declared implicitly
..\Libraries\STM32F4xx_StdPeriph_Driver\src\stm32f4xx_rcc.c(2278): warning:  #223-D: function "assert_param" declared implicitly
..\Libraries\STM32F4xx_StdPeriph_Driver\src\stm32f4xx_rcc.c(2320): warning:  #223-D: function "assert_param" declared implicitly
..\Libraries\STM32F4xx_StdPeriph_Driver\src\stm32f4xx_rcc.c(2349): warning:  #223-D: function "assert_param" declared implicitly
..\Libraries\STM32F4xx_StdPeriph_Driver\src\stm32f4xx_rcc.c(2430): warning:  #223-D: function "assert_param" declared implicitly
..\Libraries\STM32F4xx_StdPeriph_Driver\src\stm32f4xx_rcc.c(2477): warning:  #223-D: function "assert_param" declared implicitly
..\Libraries\STM32F4xx_StdPeriph_Driver\src\stm32f4xx_rcc.c(2526): warning:  #223-D: function "assert_param" declared implicitly
..\Libraries\STM32F4xx_StdPeriph_Driver\src\stm32f4xx_rcc.c(2558): warning:  #223-D: function "assert_param" declared implicitly
..\Libraries\STM32F4xx_StdPeriph_Driver\src\stm32f4xx_rcc.c(2645): warning:  #223-D: function "assert_param" declared implicitly
..\Libraries\STM32F4xx_StdPeriph_Driver\src\stm32f4xx_rcc.c(2697): warning:  #223-D: function "assert_param" declared implicitly
..\Libraries\STM32F4xx_StdPeriph_Driver\src\stm32f4xx_rcc.c(2721): warning:  #223-D: function "assert_param" declared implicitly
..\Libraries\STM32F4xx_StdPeriph_Driver\src\stm32f4xx_rcc.c(2725): error:  #20: identifier "RCC_BDCR_LSEMOD" is undefined
..\Libraries\STM32F4xx_StdPeriph_Driver\src\stm32f4xx_rcc.c(2729): error:  #20: identifier "RCC_BDCR_LSEMOD" is undefined
..\Libraries\STM32F4xx_StdPeriph_Driver\src\stm32f4xx_rcc.c(3033): warning:  #223-D: function "assert_param" declared implicitly
..\Libraries\STM32F4xx_StdPeriph_Driver\src\stm32f4xx_rcc.c(3074): warning:  #223-D: function "assert_param" declared implicitly
..\Libraries\STM32F4xx_StdPeriph_Driver\src\stm32f4xx_rcc.c(3137): warning:  #223-D: function "assert_param" declared implicitly
..\Libraries\STM32F4xx_StdPeriph_Driver\src\stm32f4xx_rcc.c(3169): warning:  #223-D: function "assert_param" declared implicitly
compiling stm32f4xx_usart.c...
..\Libraries\STM32F4xx_StdPeriph_Driver\src\stm32f4xx_usart.c(190): warning:  #223-D: function "assert_param" declared implicitly
..\Libraries\STM32F4xx_StdPeriph_Driver\src\stm32f4xx_usart.c(190): error:  #20: identifier "UART7" is undefined
..\Libraries\STM32F4xx_StdPeriph_Driver\src\stm32f4xx_usart.c(190): error:  #20: identifier "UART8" is undefined
..\Libraries\STM32F4xx_StdPeriph_Driver\src\stm32f4xx_usart.c(190): error:  #20: identifier "UART9" is undefined
..\Libraries\STM32F4xx_StdPeriph_Driver\src\stm32f4xx_usart.c(190): error:  #20: identifier "UART10" is undefined
..\Libraries\STM32F4xx_StdPeriph_Driver\src\stm32f4xx_usart.c(254): warning:  #223-D: function "assert_param" declared implicitly
..\Libraries\STM32F4xx_StdPeriph_Driver\src\stm32f4xx_usart.c(254): error:  #20: identifier "UART7" is undefined
..\Libraries\STM32F4xx_StdPeriph_Driver\src\stm32f4xx_usart.c(254): error:  #20: identifier "UART8" is undefined
..\Libraries\STM32F4xx_StdPeriph_Driver\src\stm32f4xx_usart.c(254): error:  #20: identifier "UART9" is undefined
..\Libraries\STM32F4xx_StdPeriph_Driver\src\stm32f4xx_usart.c(254): error:  #20: identifier "UART10" is undefined
..\Libraries\STM32F4xx_StdPeriph_Driver\src\stm32f4xx_usart.c(383): warning:  #223-D: function "assert_param" declared implicitly
..\Libraries\STM32F4xx_StdPeriph_Driver\src\stm32f4xx_usart.c(430): warning:  #223-D: function "assert_param" declared implicitly
..\Libraries\STM32F4xx_StdPeriph_Driver\src\stm32f4xx_usart.c(430): error:  #20: identifier "UART7" is undefined
..\Libraries\STM32F4xx_StdPeriph_Driver\src\stm32f4xx_usart.c(430): error:  #20: identifier "UART8" is undefined
..\Libraries\STM32F4xx_StdPeriph_Driver\src\stm32f4xx_usart.c(430): error:  #20: identifier "UART9" is undefined
..\Libraries\STM32F4xx_StdPeriph_Driver\src\stm32f4xx_usart.c(430): error:  #20: identifier "UART10" is undefined
..\Libraries\STM32F4xx_StdPeriph_Driver\src\stm32f4xx_usart.c(456): warning:  #223-D: function "assert_param" declared implicitly
..\Libraries\STM32F4xx_StdPeriph_Driver\src\stm32f4xx_usart.c(456): error:  #20: identifier "UART7" is undefined
..\Libraries\STM32F4xx_StdPeriph_Driver\src\stm32f4xx_usart.c(456): error:  #20: identifier "UART8" is undefined
..\Libraries\STM32F4xx_StdPeriph_Driver\src\stm32f4xx_usart.c(456): error:  #20: identifier "UART9" is undefined
..\Libraries\STM32F4xx_StdPeriph_Driver\src\stm32f4xx_usart.c(456): error:  #20: identifier "UART10" is undefined
..\Libraries\STM32F4xx_StdPeriph_Driver\src\stm32f4xx_usart.c(477): warning:  #223-D: function "assert_param" declared implicitly
..\Libraries\STM32F4xx_StdPeriph_Driver\src\stm32f4xx_usart.c(477): error:  #20: identifier "UART7" is undefined
..\Libraries\STM32F4xx_StdPeriph_Driver\src\stm32f4xx_usart.c(477): error:  #20: identifier "UART8" is undefined
..\Libraries\STM32F4xx_StdPeriph_Driver\src\stm32f4xx_usart.c(477): error:  #20: identifier "UART9" is undefined
..\Libraries\STM32F4xx_StdPeriph_Driver\src\stm32f4xx_usart.c(477): error:  #20: identifier "UART10" is undefined
..\Libraries\STM32F4xx_StdPeriph_Driver\src\stm32f4xx_usart.c(503): warning:  #223-D: function "assert_param" declared implicitly
..\Libraries\STM32F4xx_StdPeriph_Driver\src\stm32f4xx_usart.c(503): error:  #20: identifier "UART7" is undefined
..\Libraries\STM32F4xx_StdPeriph_Driver\src\stm32f4xx_usart.c(503): error:  #20: identifier "UART8" is undefined
..\Libraries\STM32F4xx_StdPeriph_Driver\src\stm32f4xx_usart.c(503): error:  #20: identifier "UART9" is undefined
..\Libraries\STM32F4xx_StdPeriph_Driver\src\stm32f4xx_usart.c(503): error:  #20: identifier "UART10" is undefined
..\Libraries\STM32F4xx_StdPeriph_Driver\src\stm32f4xx_usart.c(560): warning:  #223-D: function "assert_param" declared implicitly
..\Libraries\STM32F4xx_StdPeriph_Driver\src\stm32f4xx_usart.c(560): error:  #20: identifier "UART7" is undefined
..\Libraries\STM32F4xx_StdPeriph_Driver\src\stm32f4xx_usart.c(560): error:  #20: identifier "UART8" is undefined
..\Libraries\STM32F4xx_StdPeriph_Driver\src\stm32f4xx_usart.c(560): error:  #20: identifier "UART9" is undefined
..\Libraries\STM32F4xx_StdPeriph_Driver\src\stm32f4xx_usart.c(560): error:  #20: identifier "UART10" is undefined
..\Libraries\STM32F4xx_StdPeriph_Driver\src\stm32f4xx_usart.c(576): warning:  #223-D: function "assert_param" declared implicitly
..\Libraries\STM32F4xx_StdPeriph_Driver\src\stm32f4xx_usart.c(576): error:  #20: identifier "UART7" is undefined
..\Libraries\STM32F4xx_StdPeriph_Driver\src\stm32f4xx_usart.c(576): error:  #20: identifier "UART8" is undefined
compiling stm32f4xx_wwdg.c...
..\Libraries\STM32F4xx_StdPeriph_Driver\src\stm32f4xx_wwdg.c(158): warning:  #223-D: function "assert_param" declared implicitly
..\Libraries\STM32F4xx_StdPeriph_Driver\src\stm32f4xx_wwdg.c(178): warning:  #223-D: function "assert_param" declared implicitly
..\Libraries\STM32F4xx_StdPeriph_Driver\src\stm32f4xx_wwdg.c(211): warning:  #223-D: function "assert_param" declared implicitly
..\Libraries\STM32F4xx_StdPeriph_Driver\src\stm32f4xx_wwdg.c(242): warning:  #223-D: function "assert_param" declared implicitly
compiling system_stm32f4xx.c...
..\Libraries\CMSIS\system_stm32f4xx.c(562): warning:  #550-D: variable "pllsource" was set but never used
..\Libraries\CMSIS\system_stm32f4xx.c(562): warning:  #550-D: variable "pllm" was set but never used
Target not created
Build target 'TEST_S13EE_X64Y64_IP_V3'
compiling temp.c...
compiling misc.c...
D:\Program Files\Keil4\ARM\INC\ST\STM32F4xx\stm32f4xx.h(6906): error:  #5: cannot open source input file "stm32f4xx_conf.h": No such file or directory
compiling stm32f4xx_gpio.c...
D:\Program Files\Keil4\ARM\INC\ST\STM32F4xx\stm32f4xx.h(6906): error:  #5: cannot open source input file "stm32f4xx_conf.h": No such file or directory
compiling stm32f4xx_rcc.c...
D:\Program Files\Keil4\ARM\INC\ST\STM32F4xx\stm32f4xx.h(6906): error:  #5: cannot open source input file "stm32f4xx_conf.h": No such file or directory
compiling stm32f4xx_usart.c...
D:\Program Files\Keil4\ARM\INC\ST\STM32F4xx\stm32f4xx.h(6906): error:  #5: cannot open source input file "stm32f4xx_conf.h": No such file or directory
compiling stm32f4xx_wwdg.c...
D:\Program Files\Keil4\ARM\INC\ST\STM32F4xx\stm32f4xx.h(6906): error:  #5: cannot open source input file "stm32f4xx_conf.h": No such file or directory
compiling system_stm32f4xx.c...
D:\Program Files\Keil4\ARM\INC\ST\STM32F4xx\stm32f4xx.h(6906): error:  #5: cannot open source input file "stm32f4xx_conf.h": No such file or directory
Target not created
Build target 'TEST_S13EE_X64Y64_IP_V3'
compiling temp.c...
compiling misc.c...
compiling stm32f4xx_gpio.c...
..\Libraries\STM32F4xx_StdPeriph_Driver\src\stm32f4xx_gpio.c(178): error:  #20: identifier "GPIOJ" is undefined
..\Libraries\STM32F4xx_StdPeriph_Driver\src\stm32f4xx_gpio.c(185): error:  #20: identifier "GPIOK" is undefined
compiling stm32f4xx_rcc.c...
..\Libraries\STM32F4xx_StdPeriph_Driver\src\stm32f4xx_rcc.c(256): error:  #136: struct "<unnamed>" has no field "DCKCFGR"
..\Libraries\STM32F4xx_StdPeriph_Driver\src\stm32f4xx_rcc.c(1810): error:  #136: struct "<unnamed>" has no field "DCKCFGR"
..\Libraries\STM32F4xx_StdPeriph_Driver\src\stm32f4xx_rcc.c(1813): error:  #20: identifier "RCC_DCKCFGR_PLLI2SDIVQ" is undefined
..\Libraries\STM32F4xx_StdPeriph_Driver\src\stm32f4xx_rcc.c(1819): error:  #136: struct "<unnamed>" has no field "DCKCFGR"
..\Libraries\STM32F4xx_StdPeriph_Driver\src\stm32f4xx_rcc.c(1842): error:  #136: struct "<unnamed>" has no field "DCKCFGR"
..\Libraries\STM32F4xx_StdPeriph_Driver\src\stm32f4xx_rcc.c(1845): error:  #20: identifier "RCC_DCKCFGR_PLLSAIDIVQ" is undefined
..\Libraries\STM32F4xx_StdPeriph_Driver\src\stm32f4xx_rcc.c(1851): error:  #136: struct "<unnamed>" has no field "DCKCFGR"
..\Libraries\STM32F4xx_StdPeriph_Driver\src\stm32f4xx_rcc.c(1941): error:  #136: struct "<unnamed>" has no field "DCKCFGR"
..\Libraries\STM32F4xx_StdPeriph_Driver\src\stm32f4xx_rcc.c(1944): error:  #20: identifier "RCC_DCKCFGR_PLLSAIDIVR" is undefined
..\Libraries\STM32F4xx_StdPeriph_Driver\src\stm32f4xx_rcc.c(1950): error:  #136: struct "<unnamed>" has no field "DCKCFGR"
..\Libraries\STM32F4xx_StdPeriph_Driver\src\stm32f4xx_rcc.c(2725): error:  #20: identifier "RCC_BDCR_LSEMOD" is undefined
..\Libraries\STM32F4xx_StdPeriph_Driver\src\stm32f4xx_rcc.c(2729): error:  #20: identifier "RCC_BDCR_LSEMOD" is undefined
compiling stm32f4xx_usart.c...
..\Libraries\STM32F4xx_StdPeriph_Driver\src\stm32f4xx_usart.c(222): error:  #20: identifier "UART7" is undefined
..\Libraries\STM32F4xx_StdPeriph_Driver\src\stm32f4xx_usart.c(229): error:  #20: identifier "UART8" is undefined
compiling stm32f4xx_wwdg.c...
compiling system_stm32f4xx.c...
..\Libraries\CMSIS\system_stm32f4xx.c(562): warning:  #550-D: variable "pllsource" was set but never used
..\Libraries\CMSIS\system_stm32f4xx.c(562): warning:  #550-D: variable "pllm" was set but never used
Target not created
Build target 'TEST_S13EE_X64Y64_IP_V3'
compiling temp.c...
compiling misc.c...
compiling stm32f4xx_gpio.c...
..\Libraries\STM32F4xx_StdPeriph_Driver\src\stm32f4xx_gpio.c(178): error:  #20: identifier "GPIOJ" is undefined
..\Libraries\STM32F4xx_StdPeriph_Driver\src\stm32f4xx_gpio.c(185): error:  #20: identifier "GPIOK" is undefined
compiling stm32f4xx_rcc.c...
..\Libraries\STM32F4xx_StdPeriph_Driver\src\stm32f4xx_rcc.c(246): error:  #136: struct "<unnamed>" has no field "PLLSAICFGR"
..\Libraries\STM32F4xx_StdPeriph_Driver\src\stm32f4xx_rcc.c(256): error:  #136: struct "<unnamed>" has no field "DCKCFGR"
..\Libraries\STM32F4xx_StdPeriph_Driver\src\stm32f4xx_rcc.c(848): error:  #136: struct "<unnamed>" has no field "PLLSAICFGR"
..\Libraries\STM32F4xx_StdPeriph_Driver\src\stm32f4xx_rcc.c(1741): error:  #136: struct "<unnamed>" has no field "DCKCFGR"
..\Libraries\STM32F4xx_StdPeriph_Driver\src\stm32f4xx_rcc.c(1744): error:  #20: identifier "RCC_DCKCFGR_SAI1ASRC" is undefined
..\Libraries\STM32F4xx_StdPeriph_Driver\src\stm32f4xx_rcc.c(1750): error:  #136: struct "<unnamed>" has no field "DCKCFGR"
..\Libraries\STM32F4xx_StdPeriph_Driver\src\stm32f4xx_rcc.c(1777): error:  #136: struct "<unnamed>" has no field "DCKCFGR"
..\Libraries\STM32F4xx_StdPeriph_Driver\src\stm32f4xx_rcc.c(1780): error:  #20: identifier "RCC_DCKCFGR_SAI1BSRC" is undefined
..\Libraries\STM32F4xx_StdPeriph_Driver\src\stm32f4xx_rcc.c(1786): error:  #136: struct "<unnamed>" has no field "DCKCFGR"
..\Libraries\STM32F4xx_StdPeriph_Driver\src\stm32f4xx_rcc.c(1810): error:  #136: struct "<unnamed>" has no field "DCKCFGR"
..\Libraries\STM32F4xx_StdPeriph_Driver\src\stm32f4xx_rcc.c(1813): error:  #20: identifier "RCC_DCKCFGR_PLLI2SDIVQ" is undefined
..\Libraries\STM32F4xx_StdPeriph_Driver\src\stm32f4xx_rcc.c(1819): error:  #136: struct "<unnamed>" has no field "DCKCFGR"
..\Libraries\STM32F4xx_StdPeriph_Driver\src\stm32f4xx_rcc.c(1842): error:  #136: struct "<unnamed>" has no field "DCKCFGR"
..\Libraries\STM32F4xx_StdPeriph_Driver\src\stm32f4xx_rcc.c(1845): error:  #20: identifier "RCC_DCKCFGR_PLLSAIDIVQ" is undefined
..\Libraries\STM32F4xx_StdPeriph_Driver\src\stm32f4xx_rcc.c(1851): error:  #136: struct "<unnamed>" has no field "DCKCFGR"
..\Libraries\STM32F4xx_StdPeriph_Driver\src\stm32f4xx_rcc.c(1941): error:  #136: struct "<unnamed>" has no field "DCKCFGR"
..\Libraries\STM32F4xx_StdPeriph_Driver\src\stm32f4xx_rcc.c(1944): error:  #20: identifier "RCC_DCKCFGR_PLLSAIDIVR" is undefined
..\Libraries\STM32F4xx_StdPeriph_Driver\src\stm32f4xx_rcc.c(1950): error:  #136: struct "<unnamed>" has no field "DCKCFGR"
..\Libraries\STM32F4xx_StdPeriph_Driver\src\stm32f4xx_rcc.c(2725): error:  #20: identifier "RCC_BDCR_LSEMOD" is undefined
..\Libraries\STM32F4xx_StdPeriph_Driver\src\stm32f4xx_rcc.c(2729): error:  #20: identifier "RCC_BDCR_LSEMOD" is undefined
compiling stm32f4xx_usart.c...
..\Libraries\STM32F4xx_StdPeriph_Driver\src\stm32f4xx_usart.c(222): error:  #20: identifier "UART7" is undefined
..\Libraries\STM32F4xx_StdPeriph_Driver\src\stm32f4xx_usart.c(229): error:  #20: identifier "UART8" is undefined
compiling stm32f4xx_wwdg.c...
compiling system_stm32f4xx.c...
..\Libraries\CMSIS\system_stm32f4xx.c(685): error:  #20: identifier "PWR_CR_VOS" is undefined
Target not created
Build target 'TEST_S13EE_X64Y64_IP_V3'
compiling temp.c...
compiling misc.c...
compiling stm32f4xx_gpio.c...
..\Libraries\STM32F4xx_StdPeriph_Driver\src\stm32f4xx_gpio.c(178): error:  #20: identifier "GPIOJ" is undefined
..\Libraries\STM32F4xx_StdPeriph_Driver\src\stm32f4xx_gpio.c(185): error:  #20: identifier "GPIOK" is undefined
compiling stm32f4xx_rcc.c...
..\Libraries\STM32F4xx_StdPeriph_Driver\src\stm32f4xx_rcc.c(246): error:  #136: struct "<unnamed>" has no field "PLLSAICFGR"
..\Libraries\STM32F4xx_StdPeriph_Driver\src\stm32f4xx_rcc.c(256): error:  #136: struct "<unnamed>" has no field "DCKCFGR"
..\Libraries\STM32F4xx_StdPeriph_Driver\src\stm32f4xx_rcc.c(848): error:  #136: struct "<unnamed>" has no field "PLLSAICFGR"
..\Libraries\STM32F4xx_StdPeriph_Driver\src\stm32f4xx_rcc.c(1741): error:  #136: struct "<unnamed>" has no field "DCKCFGR"
..\Libraries\STM32F4xx_StdPeriph_Driver\src\stm32f4xx_rcc.c(1744): error:  #20: identifier "RCC_DCKCFGR_SAI1ASRC" is undefined
..\Libraries\STM32F4xx_StdPeriph_Driver\src\stm32f4xx_rcc.c(1750): error:  #136: struct "<unnamed>" has no field "DCKCFGR"
..\Libraries\STM32F4xx_StdPeriph_Driver\src\stm32f4xx_rcc.c(1777): error:  #136: struct "<unnamed>" has no field "DCKCFGR"
..\Libraries\STM32F4xx_StdPeriph_Driver\src\stm32f4xx_rcc.c(1780): error:  #20: identifier "RCC_DCKCFGR_SAI1BSRC" is undefined
..\Libraries\STM32F4xx_StdPeriph_Driver\src\stm32f4xx_rcc.c(1786): error:  #136: struct "<unnamed>" has no field "DCKCFGR"
..\Libraries\STM32F4xx_StdPeriph_Driver\src\stm32f4xx_rcc.c(1810): error:  #136: struct "<unnamed>" has no field "DCKCFGR"
..\Libraries\STM32F4xx_StdPeriph_Driver\src\stm32f4xx_rcc.c(1813): error:  #20: identifier "RCC_DCKCFGR_PLLI2SDIVQ" is undefined
..\Libraries\STM32F4xx_StdPeriph_Driver\src\stm32f4xx_rcc.c(1819): error:  #136: struct "<unnamed>" has no field "DCKCFGR"
..\Libraries\STM32F4xx_StdPeriph_Driver\src\stm32f4xx_rcc.c(1842): error:  #136: struct "<unnamed>" has no field "DCKCFGR"
..\Libraries\STM32F4xx_StdPeriph_Driver\src\stm32f4xx_rcc.c(1845): error:  #20: identifier "RCC_DCKCFGR_PLLSAIDIVQ" is undefined
..\Libraries\STM32F4xx_StdPeriph_Driver\src\stm32f4xx_rcc.c(1851): error:  #136: struct "<unnamed>" has no field "DCKCFGR"
..\Libraries\STM32F4xx_StdPeriph_Driver\src\stm32f4xx_rcc.c(1941): error:  #136: struct "<unnamed>" has no field "DCKCFGR"
..\Libraries\STM32F4xx_StdPeriph_Driver\src\stm32f4xx_rcc.c(1944): error:  #20: identifier "RCC_DCKCFGR_PLLSAIDIVR" is undefined
..\Libraries\STM32F4xx_StdPeriph_Driver\src\stm32f4xx_rcc.c(1950): error:  #136: struct "<unnamed>" has no field "DCKCFGR"
..\Libraries\STM32F4xx_StdPeriph_Driver\src\stm32f4xx_rcc.c(2725): error:  #20: identifier "RCC_BDCR_LSEMOD" is undefined
..\Libraries\STM32F4xx_StdPeriph_Driver\src\stm32f4xx_rcc.c(2729): error:  #20: identifier "RCC_BDCR_LSEMOD" is undefined
compiling stm32f4xx_usart.c...
..\Libraries\STM32F4xx_StdPeriph_Driver\src\stm32f4xx_usart.c(222): error:  #20: identifier "UART7" is undefined
..\Libraries\STM32F4xx_StdPeriph_Driver\src\stm32f4xx_usart.c(229): error:  #20: identifier "UART8" is undefined
compiling stm32f4xx_wwdg.c...
compiling system_stm32f4xx.c...
..\Libraries\CMSIS\system_stm32f4xx.c(685): error:  #20: identifier "PWR_CR_VOS" is undefined
Target not created
Build target 'TEST_S13EE_X64Y64_IP_V3'
compiling temp.c...
compiling misc.c...
compiling stm32f4xx_gpio.c...
..\Libraries\STM32F4xx_StdPeriph_Driver\src\stm32f4xx_gpio.c(178): error:  #20: identifier "GPIOJ" is undefined
..\Libraries\STM32F4xx_StdPeriph_Driver\src\stm32f4xx_gpio.c(185): error:  #20: identifier "GPIOK" is undefined
compiling stm32f4xx_rcc.c...
..\Libraries\STM32F4xx_StdPeriph_Driver\src\stm32f4xx_rcc.c(246): error:  #136: struct "<unnamed>" has no field "PLLSAICFGR"
..\Libraries\STM32F4xx_StdPeriph_Driver\src\stm32f4xx_rcc.c(256): error:  #136: struct "<unnamed>" has no field "DCKCFGR"
..\Libraries\STM32F4xx_StdPeriph_Driver\src\stm32f4xx_rcc.c(848): error:  #136: struct "<unnamed>" has no field "PLLSAICFGR"
..\Libraries\STM32F4xx_StdPeriph_Driver\src\stm32f4xx_rcc.c(1741): error:  #136: struct "<unnamed>" has no field "DCKCFGR"
..\Libraries\STM32F4xx_StdPeriph_Driver\src\stm32f4xx_rcc.c(1744): error:  #20: identifier "RCC_DCKCFGR_SAI1ASRC" is undefined
..\Libraries\STM32F4xx_StdPeriph_Driver\src\stm32f4xx_rcc.c(1750): error:  #136: struct "<unnamed>" has no field "DCKCFGR"
..\Libraries\STM32F4xx_StdPeriph_Driver\src\stm32f4xx_rcc.c(1777): error:  #136: struct "<unnamed>" has no field "DCKCFGR"
..\Libraries\STM32F4xx_StdPeriph_Driver\src\stm32f4xx_rcc.c(1780): error:  #20: identifier "RCC_DCKCFGR_SAI1BSRC" is undefined
..\Libraries\STM32F4xx_StdPeriph_Driver\src\stm32f4xx_rcc.c(1786): error:  #136: struct "<unnamed>" has no field "DCKCFGR"
..\Libraries\STM32F4xx_StdPeriph_Driver\src\stm32f4xx_rcc.c(1810): error:  #136: struct "<unnamed>" has no field "DCKCFGR"
..\Libraries\STM32F4xx_StdPeriph_Driver\src\stm32f4xx_rcc.c(1813): error:  #20: identifier "RCC_DCKCFGR_PLLI2SDIVQ" is undefined
..\Libraries\STM32F4xx_StdPeriph_Driver\src\stm32f4xx_rcc.c(1819): error:  #136: struct "<unnamed>" has no field "DCKCFGR"
..\Libraries\STM32F4xx_StdPeriph_Driver\src\stm32f4xx_rcc.c(1842): error:  #136: struct "<unnamed>" has no field "DCKCFGR"
..\Libraries\STM32F4xx_StdPeriph_Driver\src\stm32f4xx_rcc.c(1845): error:  #20: identifier "RCC_DCKCFGR_PLLSAIDIVQ" is undefined
..\Libraries\STM32F4xx_StdPeriph_Driver\src\stm32f4xx_rcc.c(1851): error:  #136: struct "<unnamed>" has no field "DCKCFGR"
..\Libraries\STM32F4xx_StdPeriph_Driver\src\stm32f4xx_rcc.c(1941): error:  #136: struct "<unnamed>" has no field "DCKCFGR"
..\Libraries\STM32F4xx_StdPeriph_Driver\src\stm32f4xx_rcc.c(1944): error:  #20: identifier "RCC_DCKCFGR_PLLSAIDIVR" is undefined
..\Libraries\STM32F4xx_StdPeriph_Driver\src\stm32f4xx_rcc.c(1950): error:  #136: struct "<unnamed>" has no field "DCKCFGR"
..\Libraries\STM32F4xx_StdPeriph_Driver\src\stm32f4xx_rcc.c(2725): error:  #20: identifier "RCC_BDCR_LSEMOD" is undefined
..\Libraries\STM32F4xx_StdPeriph_Driver\src\stm32f4xx_rcc.c(2729): error:  #20: identifier "RCC_BDCR_LSEMOD" is undefined
compiling stm32f4xx_usart.c...
..\Libraries\STM32F4xx_StdPeriph_Driver\src\stm32f4xx_usart.c(222): error:  #20: identifier "UART7" is undefined
..\Libraries\STM32F4xx_StdPeriph_Driver\src\stm32f4xx_usart.c(229): error:  #20: identifier "UART8" is undefined
compiling stm32f4xx_wwdg.c...
compiling system_stm32f4xx.c...
..\Libraries\CMSIS\system_stm32f4xx.c(685): error:  #20: identifier "PWR_CR_VOS" is undefined
Target not created
Build target 'TEST_S13EE_X64Y64_IP_V3'
compiling temp.c...
compiling misc.c...
compiling stm32f4xx_gpio.c...
compiling stm32f4xx_rcc.c...
compiling stm32f4xx_usart.c...
compiling stm32f4xx_wwdg.c...
compiling system_stm32f4xx.c...
linking...
Program Size: Code=892 RO-data=424 RW-data=20 ZI-data=1636  
"TEST_S13EE_X64Y64_IP_V3.axf" - 0 Error(s), 0 Warning(s).
Build target 'TEST_S13EE_X64Y64_IP_V3'
compiling temp.c...
compiling misc.c...
compiling stm32f4xx_gpio.c...
compiling stm32f4xx_rcc.c...
compiling stm32f4xx_usart.c...
compiling stm32f4xx_wwdg.c...
compiling system_stm32f4xx.c...
linking...
Program Size: Code=892 RO-data=424 RW-data=20 ZI-data=1636  
"TEST_S13EE_X64Y64_IP_V3.axf" - 0 Error(s), 0 Warning(s).
Build target 'TEST_S13EE_X64Y64_IP_V3'
compiling temp.c...
compiling misc.c...
..\Libraries\CMSIS\Device\ST\STM32F4xx\Include\stm32f4xx.h(122): error:  #35: #error directive: "Please select first the target STM32F4xx device used in your application (in stm32f4xx.h file)"
compiling stm32f4xx_gpio.c...
..\Libraries\CMSIS\Device\ST\STM32F4xx\Include\stm32f4xx.h(122): error:  #35: #error directive: "Please select first the target STM32F4xx device used in your application (in stm32f4xx.h file)"
compiling stm32f4xx_rcc.c...
..\Libraries\CMSIS\Device\ST\STM32F4xx\Include\stm32f4xx.h(122): error:  #35: #error directive: "Please select first the target STM32F4xx device used in your application (in stm32f4xx.h file)"
compiling stm32f4xx_usart.c...
..\Libraries\CMSIS\Device\ST\STM32F4xx\Include\stm32f4xx.h(122): error:  #35: #error directive: "Please select first the target STM32F4xx device used in your application (in stm32f4xx.h file)"
compiling stm32f4xx_wwdg.c...
..\Libraries\CMSIS\Device\ST\STM32F4xx\Include\stm32f4xx.h(122): error:  #35: #error directive: "Please select first the target STM32F4xx device used in your application (in stm32f4xx.h file)"
compiling system_stm32f4xx.c...
..\Libraries\CMSIS\Device\ST\STM32F4xx\Include\stm32f4xx.h(122): error:  #35: #error directive: "Please select first the target STM32F4xx device used in your application (in stm32f4xx.h file)"
Target not created
Build target 'TEST_S13EE_X64Y64_IP_V3'
compiling temp.c...
compiling misc.c...
..\Libraries\CMSIS\Device\ST\STM32F4xx\Include\stm32f4xx.h(122): error:  #35: #error directive: "Please select first the target STM32F4xx device used in your application (in stm32f4xx.h file)"
compiling stm32f4xx_gpio.c...
..\Libraries\CMSIS\Device\ST\STM32F4xx\Include\stm32f4xx.h(122): error:  #35: #error directive: "Please select first the target STM32F4xx device used in your application (in stm32f4xx.h file)"
compiling stm32f4xx_rcc.c...
..\Libraries\CMSIS\Device\ST\STM32F4xx\Include\stm32f4xx.h(122): error:  #35: #error directive: "Please select first the target STM32F4xx device used in your application (in stm32f4xx.h file)"
compiling stm32f4xx_usart.c...
..\Libraries\CMSIS\Device\ST\STM32F4xx\Include\stm32f4xx.h(122): error:  #35: #error directive: "Please select first the target STM32F4xx device used in your application (in stm32f4xx.h file)"
compiling stm32f4xx_wwdg.c...
..\Libraries\CMSIS\Device\ST\STM32F4xx\Include\stm32f4xx.h(122): error:  #35: #error directive: "Please select first the target STM32F4xx device used in your application (in stm32f4xx.h file)"
compiling system_stm32f4xx.c...
..\Libraries\CMSIS\Device\ST\STM32F4xx\Include\stm32f4xx.h(122): error:  #35: #error directive: "Please select first the target STM32F4xx device used in your application (in stm32f4xx.h file)"
Target not created
Build target 'TEST_S13EE_X64Y64_IP_V3'
compiling temp.c...
compiling misc.c...
compiling stm32f4xx_gpio.c...
compiling stm32f4xx_rcc.c...
compiling stm32f4xx_usart.c...
compiling stm32f4xx_wwdg.c...
compiling system_stm32f4xx.c...
linking...
Program Size: Code=892 RO-data=424 RW-data=20 ZI-data=1636  
"TEST_S13EE_X64Y64_IP_V3.axf" - 0 Error(s), 0 Warning(s).
Build target 'TEST_S13EE_X64Y64_IP_V3'
compiling bsp_printf.c...
..\USER\bsp_printf.c(25): error:  #5: cannot open source input file "stm32f10x.h": No such file or directory
compiling datarom.c...
compiling eeprom.c...
..\USER\eeprom.c(1): error:  #5: cannot open source input file "stm32f10x.h": No such file or directory
compiling function.c...
..\USER\function.c(1): error:  #169: expected a declaration
..\USER\function.c(4): error:  #7: unrecognized token
..\USER\function.c(4): error:  #7: unrecognized token
..\USER\function.c(4): error:  #7: unrecognized token
..\USER\function.c(4): error:  #7: unrecognized token
..\USER\function.c(4): error:  #7: unrecognized token
..\USER\function.c(4): error:  #7: unrecognized token
..\USER\function.c(4): error:  #7: unrecognized token
..\USER\function.c(4): error:  #7: unrecognized token
..\USER\function.c(4): error:  #7: unrecognized token
..\USER\function.c(4): error:  #7: unrecognized token
..\USER\function.c(4): error:  #7: unrecognized token
..\USER\function.c(4): error:  #7: unrecognized token
..\USER\function.c(4): error:  #7: unrecognized token
..\USER\function.c(4): error:  #7: unrecognized token
..\USER\function.c(4): error:  #7: unrecognized token
..\USER\function.c(4): error:  #7: unrecognized token
..\USER\function.c(4): error:  #7: unrecognized token
..\USER\function.c(4): error:  #7: unrecognized token
..\USER\function.c(4): error:  #7: unrecognized token
..\USER\function.c(4): error:  #7: unrecognized token
..\USER\function.c(4): error:  #7: unrecognized token
..\USER\function.c(4): error:  #7: unrecognized token
..\USER\function.c(5): error:  #7: unrecognized token
..\USER\function.c(5): error:  #7: unrecognized token
..\USER\function.c(5): error:  #7: unrecognized token
..\USER\function.c(5): error:  #7: unrecognized token
..\USER\function.c(5): error:  #7: unrecognized token
..\USER\function.c(5): error:  #7: unrecognized token
..\USER\function.c(5): error:  #7: unrecognized token
compiling main.c...
..\USER\main.c(20): error:  #5: cannot open source input file "stm32f10x.h": No such file or directory
compiling RA8875.c...
..\USER\RA8875.c(2): error:  #5: cannot open source input file "stm32f10x.h": No such file or directory
compiling stm32f10x_it.c...
..\USER\stm32f10x_it.h(30): error:  #5: cannot open source input file "stm32f10x.h": No such file or directory
compiling system_stm32f10x.c...
..\USER\system_stm32f10x.c(33): error:  #5: cannot open source input file "stm32f10x.h": No such file or directory
Target not created
Build target 'TEST_S13EE_X64Y64_IP_V3'
compiling bsp_printf.c...
..\USER\bsp_printf.c(25): error:  #5: cannot open source input file "stm32f10x.h": No such file or directory
compiling eeprom.c...
..\USER\eeprom.c(1): error:  #5: cannot open source input file "stm32f10x.h": No such file or directory
compiling function.c...
..\USER\function.c(1): error:  #169: expected a declaration
..\USER\function.c(4): error:  #7: unrecognized token
..\USER\function.c(4): error:  #7: unrecognized token
..\USER\function.c(4): error:  #7: unrecognized token
..\USER\function.c(4): error:  #7: unrecognized token
..\USER\function.c(4): error:  #7: unrecognized token
..\USER\function.c(4): error:  #7: unrecognized token
..\USER\function.c(4): error:  #7: unrecognized token
..\USER\function.c(4): error:  #7: unrecognized token
..\USER\function.c(4): error:  #7: unrecognized token
..\USER\function.c(4): error:  #7: unrecognized token
..\USER\function.c(4): error:  #7: unrecognized token
..\USER\function.c(4): error:  #7: unrecognized token
..\USER\function.c(4): error:  #7: unrecognized token
..\USER\function.c(4): error:  #7: unrecognized token
..\USER\function.c(4): error:  #7: unrecognized token
..\USER\function.c(4): error:  #7: unrecognized token
..\USER\function.c(4): error:  #7: unrecognized token
..\USER\function.c(4): error:  #7: unrecognized token
..\USER\function.c(4): error:  #7: unrecognized token
..\USER\function.c(4): error:  #7: unrecognized token
..\USER\function.c(4): error:  #7: unrecognized token
..\USER\function.c(4): error:  #7: unrecognized token
..\USER\function.c(5): error:  #7: unrecognized token
..\USER\function.c(5): error:  #7: unrecognized token
..\USER\function.c(5): error:  #7: unrecognized token
..\USER\function.c(5): error:  #7: unrecognized token
..\USER\function.c(5): error:  #7: unrecognized token
..\USER\function.c(5): error:  #7: unrecognized token
..\USER\function.c(5): error:  #7: unrecognized token
compiling main.c...
..\USER\main.c(20): error:  #5: cannot open source input file "stm32f10x.h": No such file or directory
compiling RA8875.c...
..\USER\RA8875.c(2): error:  #5: cannot open source input file "stm32f10x.h": No such file or directory
compiling stm32f4xx_it.c...
..\USER\stm32f4xx_it.c(32): error:  #5: cannot open source input file "main.h": No such file or directory
compiling system_stm32f4xx.c...
Target not created
Build target 'TEST_S13EE_X64Y64_IP_V3'
compiling bsp_printf.c...
..\USER\bsp_printf.c(25): error:  #5: cannot open source input file "stm32f40x.h": No such file or directory
compiling eeprom.c...
..\USER\eeprom.c(1): error:  #5: cannot open source input file "stm32f10x.h": No such file or directory
compiling function.c...
..\USER\function.c(1): error:  #169: expected a declaration
..\USER\function.c(4): error:  #7: unrecognized token
..\USER\function.c(4): error:  #7: unrecognized token
..\USER\function.c(4): error:  #7: unrecognized token
..\USER\function.c(4): error:  #7: unrecognized token
..\USER\function.c(4): error:  #7: unrecognized token
..\USER\function.c(4): error:  #7: unrecognized token
..\USER\function.c(4): error:  #7: unrecognized token
..\USER\function.c(4): error:  #7: unrecognized token
..\USER\function.c(4): error:  #7: unrecognized token
..\USER\function.c(4): error:  #7: unrecognized token
..\USER\function.c(4): error:  #7: unrecognized token
..\USER\function.c(4): error:  #7: unrecognized token
..\USER\function.c(4): error:  #7: unrecognized token
..\USER\function.c(4): error:  #7: unrecognized token
..\USER\function.c(4): error:  #7: unrecognized token
..\USER\function.c(4): error:  #7: unrecognized token
..\USER\function.c(4): error:  #7: unrecognized token
..\USER\function.c(4): error:  #7: unrecognized token
..\USER\function.c(4): error:  #7: unrecognized token
..\USER\function.c(4): error:  #7: unrecognized token
..\USER\function.c(4): error:  #7: unrecognized token
..\USER\function.c(4): error:  #7: unrecognized token
..\USER\function.c(5): error:  #7: unrecognized token
..\USER\function.c(5): error:  #7: unrecognized token
..\USER\function.c(5): error:  #7: unrecognized token
..\USER\function.c(5): error:  #7: unrecognized token
..\USER\function.c(5): error:  #7: unrecognized token
..\USER\function.c(5): error:  #7: unrecognized token
..\USER\function.c(5): error:  #7: unrecognized token
compiling main.c...
..\USER\main.c(20): error:  #5: cannot open source input file "stm32f10x.h": No such file or directory
compiling RA8875.c...
..\USER\RA8875.c(2): error:  #5: cannot open source input file "stm32f10x.h": No such file or directory
compiling stm32f4xx_it.c...
..\USER\stm32f4xx_it.c(32): error:  #5: cannot open source input file "main.h": No such file or directory
Target not created
compiling bsp_printf.c...
..\USER\bsp_printf.c - 0 Error(s), 0 Warning(s).
compiling datarom.c...
..\USER\datarom.c - 0 Error(s), 0 Warning(s).
compiling eeprom.c...
..\USER\eeprom.c(1): error:  #5: cannot open source input file "stm32f10x.h": No such file or directory
..\USER\eeprom.c - 1 Error(s), 0 Warning(s).
compiling eeprom.c...
..\USER\eeprom.h(4): error:  #5: cannot open source input file "stm32f10x.h": No such file or directory
..\USER\eeprom.c - 1 Error(s), 0 Warning(s).
compiling eeprom.c...
..\USER\eeprom.c - 0 Error(s), 0 Warning(s).
compiling function.c...
..\USER\function.c(1): error:  #169: expected a declaration
..\USER\function.c(4): error:  #7: unrecognized token
..\USER\function.c(4): error:  #7: unrecognized token
..\USER\function.c(4): error:  #7: unrecognized token
..\USER\function.c(4): error:  #7: unrecognized token
..\USER\function.c(4): error:  #7: unrecognized token
..\USER\function.c(4): error:  #7: unrecognized token
..\USER\function.c(4): error:  #7: unrecognized token
..\USER\function.c(4): error:  #7: unrecognized token
..\USER\function.c(4): error:  #7: unrecognized token
..\USER\function.c(4): error:  #7: unrecognized token
..\USER\function.c(4): error:  #7: unrecognized token
..\USER\function.c(4): error:  #7: unrecognized token
..\USER\function.c(4): error:  #7: unrecognized token
..\USER\function.c(4): error:  #7: unrecognized token
..\USER\function.c(4): error:  #7: unrecognized token
..\USER\function.c(4): error:  #7: unrecognized token
..\USER\function.c(4): error:  #7: unrecognized token
..\USER\function.c(4): error:  #7: unrecognized token
..\USER\function.c(4): error:  #7: unrecognized token
..\USER\function.c(4): error:  #7: unrecognized token
..\USER\function.c(4): error:  #7: unrecognized token
..\USER\function.c(4): error:  #7: unrecognized token
..\USER\function.c(5): error:  #7: unrecognized token
..\USER\function.c(5): error:  #7: unrecognized token
..\USER\function.c(5): error:  #7: unrecognized token
..\USER\function.c(5): error:  #7: unrecognized token
..\USER\function.c(5): error:  #7: unrecognized token
..\USER\function.c(5): error:  #7: unrecognized token
..\USER\function.c(5): error:  #7: unrecognized token
..\USER\function.c - 30 Error(s), 0 Warning(s).
compiling RA8875.c...
..\USER\RA8875.h(5): error:  #5: cannot open source input file "stm32f10x.h": No such file or directory
..\USER\RA8875.c - 1 Error(s), 0 Warning(s).
compiling RA8875.c...
..\USER\RA8875.c - 0 Error(s), 0 Warning(s).
compiling stm32f4xx_it.c...
..\USER\stm32f4xx_it.c(32): error:  #5: cannot open source input file "main.h": No such file or directory
..\USER\stm32f4xx_it.c - 1 Error(s), 0 Warning(s).
compiling stm32f4xx_it.c...
..\USER\stm32f4xx_it.c(144): warning:  #223-D: function "TimingDelay_Decrement" declared implicitly
..\USER\stm32f4xx_it.c - 0 Error(s), 1 Warning(s).
compiling stm32f4xx_it.c...
..\USER\stm32f4xx_it.c - 0 Error(s), 0 Warning(s).
compiling system_stm32f4xx.c...
..\USER\system_stm32f4xx.c - 0 Error(s), 0 Warning(s).
Build target 'TEST_S13EE_X64Y64_IP_V3'
compiling main.c...
..\USER\main.c(20): error:  #5: cannot open source input file "stm32f10x.h": No such file or directory
Target not created
compiling main.c...
..\USER\main.c(27): error:  #20: identifier "RCC_APB2Periph_GPIOE" is undefined
..\USER\main.c(31): error:  #20: identifier "GPIO_Mode_Out_PP" is undefined
..\USER\main.c(34): error:  #20: identifier "RCC_APB2Periph_GPIOD" is undefined
..\USER\main.c(43): error:  #20: identifier "RCC_APB2Periph_GPIOA" is undefined
..\USER\main.c(47): error:  #20: identifier "GPIO_Mode_IPU" is undefined
..\USER\main.c(50): error:  #20: identifier "RCC_APB2Periph_GPIOC" is undefined
..\USER\main.c(57): error:  #20: identifier "RCC_APB2Periph_GPIOB" is undefined
..\USER\main.c(71): warning:  #550-D: variable "l" was set but never used
..\USER\main.c(74): warning:  #550-D: variable "rd_data" was set but never used
..\USER\main.c - 7 Error(s), 2 Warning(s).
Build target 'TEST_S13EE_X64Y64_IP_V3'
compiling main.c...
..\USER\main.c(27): error:  #20: identifier "RCC_APB2Periph_GPIOE" is undefined
..\USER\main.c(31): error:  #20: identifier "GPIO_Mode_Out_PP" is undefined
..\USER\main.c(34): error:  #20: identifier "RCC_APB2Periph_GPIOD" is undefined
..\USER\main.c(43): error:  #20: identifier "RCC_APB2Periph_GPIOA" is undefined
..\USER\main.c(47): error:  #20: identifier "GPIO_Mode_IPU" is undefined
..\USER\main.c(50): error:  #20: identifier "RCC_APB2Periph_GPIOC" is undefined
..\USER\main.c(57): error:  #20: identifier "RCC_APB2Periph_GPIOB" is undefined
..\USER\main.c(71): warning:  #550-D: variable "l" was set but never used
..\USER\main.c(74): warning:  #550-D: variable "rd_data" was set but never used
Target not created
compiling main.c...
..\USER\main.c(31): error:  #20: identifier "GPIO_Mode_Out_PP" is undefined
..\USER\main.c(34): error:  #20: identifier "RCC_APB2Periph_GPIOD" is undefined
..\USER\main.c(43): error:  #20: identifier "RCC_APB2Periph_GPIOA" is undefined
..\USER\main.c(47): error:  #20: identifier "GPIO_Mode_IPU" is undefined
..\USER\main.c(50): error:  #20: identifier "RCC_APB2Periph_GPIOC" is undefined
..\USER\main.c(57): error:  #20: identifier "RCC_APB2Periph_GPIOB" is undefined
..\USER\main.c(71): warning:  #550-D: variable "l" was set but never used
..\USER\main.c(74): warning:  #550-D: variable "rd_data" was set but never used
..\USER\main.c - 6 Error(s), 2 Warning(s).
compiling main.c...
..\USER\main.c(31): error:  #20: identifier "GPIO_Mode_Out" is undefined
..\USER\main.c(40): error:  #20: identifier "GPIO_Mode_Out_PP" is undefined
..\USER\main.c(43): error:  #20: identifier "RCC_APB2Periph_GPIOA" is undefined
..\USER\main.c(47): error:  #20: identifier "GPIO_Mode_IPU" is undefined
..\USER\main.c(50): error:  #20: identifier "RCC_APB2Periph_GPIOC" is undefined
..\USER\main.c(57): error:  #20: identifier "RCC_APB2Periph_GPIOB" is undefined
..\USER\main.c(71): warning:  #550-D: variable "l" was set but never used
..\USER\main.c(74): warning:  #550-D: variable "rd_data" was set but never used
..\USER\main.c - 6 Error(s), 2 Warning(s).
compiling main.c...
..\USER\main.c(49): error:  #20: identifier "GPIO_Mode_IPU" is undefined
..\USER\main.c(52): error:  #20: identifier "RCC_APB2Periph_GPIOC" is undefined
..\USER\main.c(56): error:  #20: identifier "GPIO_Mode_Out_PP" is undefined
..\USER\main.c(59): error:  #20: identifier "RCC_APB2Periph_GPIOB" is undefined
..\USER\main.c(73): warning:  #550-D: variable "l" was set but never used
..\USER\main.c(76): warning:  #550-D: variable "rd_data" was set but never used
..\USER\main.c - 4 Error(s), 2 Warning(s).
compiling main.c...
..\USER\main.c(60): error:  #20: identifier "RCC_APB2Periph_GPIOB" is undefined
..\USER\main.c(63): error:  #20: identifier "GPIO_Mode_IPU" is undefined
..\USER\main.c(74): warning:  #550-D: variable "l" was set but never used
..\USER\main.c(77): warning:  #550-D: variable "rd_data" was set but never used
..\USER\main.c - 2 Error(s), 2 Warning(s).
compiling main.c...
..\USER\main.c(74): warning:  #550-D: variable "l" was set but never used
..\USER\main.c(77): warning:  #550-D: variable "rd_data" was set but never used
..\USER\main.c - 0 Error(s), 2 Warning(s).
compiling main.c...
..\USER\main.c(82): error:  #20: identifier "l" is undefined
..\USER\main.c(101): error:  #20: identifier "rd_data" is undefined
..\USER\main.c(126): error:  #20: identifier "rd_data" is undefined
..\USER\main.c(161): error:  #20: identifier "rd_data" is undefined
..\USER\main.c - 4 Error(s), 0 Warning(s).
compiling main.c...
..\USER\main.c(101): error:  #20: identifier "rd_data" is undefined
..\USER\main.c(126): error:  #20: identifier "rd_data" is undefined
..\USER\main.c(161): error:  #20: identifier "rd_data" is undefined
..\USER\main.c(74): warning:  #550-D: variable "l" was set but never used
..\USER\main.c - 3 Error(s), 1 Warning(s).
compiling main.c...
..\USER\main.c(74): warning:  #550-D: variable "l" was set but never used
..\USER\main.c(77): warning:  #550-D: variable "rd_data" was set but never used
..\USER\main.c - 0 Error(s), 2 Warning(s).
compiling main.c...
..\USER\main.c(74): warning:  #550-D: variable "l" was set but never used
..\USER\main.c(77): warning:  #550-D: variable "rd_data" was set but never used
..\USER\main.c - 0 Error(s), 2 Warning(s).
compiling main.c...
..\USER\main.c(82): error:  #20: identifier "l" is undefined
..\USER\main.c(77): warning:  #550-D: variable "rd_data" was set but never used
..\USER\main.c - 1 Error(s), 1 Warning(s).
compiling main.c...
..\USER\main.c(74): warning:  #550-D: variable "l" was set but never used
..\USER\main.c(77): warning:  #550-D: variable "rd_data" was set but never used
..\USER\main.c - 0 Error(s), 2 Warning(s).
compiling main.c...
..\USER\main.c(82): error:  #20: identifier "l" is undefined
..\USER\main.c(77): warning:  #550-D: variable "rd_data" was set but never used
..\USER\main.c - 1 Error(s), 1 Warning(s).
compiling main.c...
..\USER\main.c(95): error:  #20: identifier "l" is undefined
..\USER\main.c(77): warning:  #550-D: variable "rd_data" was set but never used
..\USER\main.c - 1 Error(s), 1 Warning(s).
compiling main.c...
..\USER\main.c(74): warning:  #550-D: variable "l" was set but never used
..\USER\main.c(77): warning:  #550-D: variable "rd_data" was set but never used
..\USER\main.c - 0 Error(s), 2 Warning(s).
Build target 'TEST_S13EE_X64Y64_IP_V3'
linking...
TEST_S13EE_X64Y64_IP_V3.axf: Error: L6200E: Symbol __ARM_use_no_argv multiply defined (by main.o and temp.o).
TEST_S13EE_X64Y64_IP_V3.axf: Error: L6200E: Symbol main multiply defined (by main.o and temp.o).
Target not created
Build target 'TEST_S13EE_X64Y64_IP_V3'
linking...
TEST_S13EE_X64Y64_IP_V3.axf: Error: L6218E: Undefined symbol TimingDelay_Decrement (referred from stm32f4xx_it.o).
Target not created
Build target 'TEST_S13EE_X64Y64_IP_V3'
compiling main.c...
..\USER\main.c(102): warning:  #550-D: variable "l" was set but never used
..\USER\main.c(105): warning:  #550-D: variable "rd_data" was set but never used
compiling stm32f4xx_it.c...
linking...
Program Size: Code=5920 RO-data=1960 RW-data=52 ZI-data=1636  
"TEST_S13EE_X64Y64_IP_V3.axf" - 0 Error(s), 2 Warning(s).
Build target 'TEST_S13EE_X64Y64_IP_V3'
linking...
Program Size: Code=5920 RO-data=1960 RW-data=52 ZI-data=1636  
FromELF: creating hex file...
"TEST_S13EE_X64Y64_IP_V3.axf" - 0 Error(s), 0 Warning(s).
Clean started: Project: 'TEST_S13EE_X64Y64_IP_V3'
   deleting intermediate output files for target 'TEST_S13EE_X64Y64_IP_V3'
Build target 'TEST_S13EE_X64Y64_IP_V3'
assembling startup_stm32f4xx.s...
compiling bsp_printf.c...
compiling datarom.c...
compiling eeprom.c...
compiling main.c...
..\USER\main.c(102): warning:  #550-D: variable "l" was set but never used
..\USER\main.c(105): warning:  #550-D: variable "rd_data" was set but never used
compiling RA8875.c...
compiling stm32f4xx_it.c...
compiling system_stm32f4xx.c...
compiling misc.c...
compiling stm32f4xx_gpio.c...
compiling stm32f4xx_rcc.c...
compiling stm32f4xx_usart.c...
compiling stm32f4xx_wwdg.c...
linking...
Program Size: Code=5920 RO-data=1960 RW-data=52 ZI-data=1636  
FromELF: creating hex file...
"TEST_S13EE_X64Y64_IP_V3.axf" - 0 Error(s), 2 Warning(s).
Clean started: Project: 'TEST_S13EE_X64Y64_IP_V3'
   deleting intermediate output files for target 'TEST_S13EE_X64Y64_IP_V3'
Clean started: Project: 'TEST_S13EE_X64Y64_IP_V3'
   deleting intermediate output files for target 'TEST_S13EE_X64Y64_IP_V3'
Build target 'TEST_S13EE_X64Y64_IP_V3'
assembling startup_stm32f4xx.s...
startup_stm32f4xx.s: error: A1023E: File "startup_stm32f4xx.s" could not be opened: No such file or directory
Target not created
Build target 'TEST_S13EE_X64Y64_IP_V3'
assembling startup_stm32f4xx.s...
startup_stm32f4xx.s: error: A1023E: File "startup_stm32f4xx.s" could not be opened: No such file or directory
Target not created
Build target 'TEST_S13EE_X64Y64_IP_V3'
assembling startup_stm32f4xx.s...
compiling bsp_printf.c...
compiling datarom.c...
compiling eeprom.c...
compiling main.c...
..\USER\main.c(102): warning:  #550-D: variable "l" was set but never used
..\USER\main.c(105): warning:  #550-D: variable "rd_data" was set but never used
compiling RA8875.c...
compiling stm32f4xx_it.c...
compiling system_stm32f4xx.c...
compiling misc.c...
compiling stm32f4xx_gpio.c...
compiling stm32f4xx_rcc.c...
compiling stm32f4xx_usart.c...
compiling stm32f4xx_wwdg.c...
linking...
Program Size: Code=5920 RO-data=1960 RW-data=52 ZI-data=1636  
FromELF: creating hex file...
".\Obj\TEST_S13EE_X64Y64_IP_V3.axf" - 0 Error(s), 2 Warning(s).
