<html>
<body>
<pre>
<h1>µVision Build Log</h1>
<h2>Project:</h2>
D:\work\myproj\EEPROM_TEST\src\porting\MDK-ARM\TEST_S13EE_X64Y64_IP_V3.uvproj
Project File Date:  04/16/2018

<h2>Output:</h2>
Build target 'TEST_S13EE_X64Y64_IP_V3'
compiling S13EE_X64Y64.c...
..\BSP\S13EE_X64Y64.c(5): warning:  #550-D: variable "s13ee" was set but never used
      S13EE s13ee;
..\BSP\S13EE_X64Y64.c(10): warning:  #1-D: last line of file ends without a newline
        
..\BSP\S13EE_X64Y64.c: 2 warnings, 0 errors
linking...
Program Size: Code=8740 RO-data=424 RW-data=52 ZI-data=1732  
FromELF: creating hex file...
".\Obj\TEST_S13EE_X64Y64_IP_V3.axf" - 0 Error(s), 2 Warning(s).
t not created
2f4xx_wwdg.c...
compiling stm32f4xx_tim.c...
compiling LED.C...
compiling pwm.c...
compiling SysTick.C...
compiling usart1.c...
compiling common.c...
compiling bsp.c...
compiling S13EE_X64Y64.c...
..\BSP\S13EE_X64Y64.c(5): warning:  #177-D: variable "s13ee" was declared but never referenced
      S13EE s13ee;
..\BSP\S13EE_X64Y64.c(9): warning:  #1-D: last line of file ends without a newline
        
..\BSP\S13EE_X64Y64.c: 2 warnings, 0 errors
linking...
Program Size: Code=8740 RO-data=424 RW-data=52 ZI-data=1732  
FromELF: creating hex file...
".\Obj\TEST_S13EE_X64Y64_IP_V3.axf" - 0 Error(s), 3 Warning(s).
